CRITICAL - 2025-01-09 19:08:39 --> Invalid file: "style.php"
in SYSTEMPATH\Exceptions\FrameworkException.php on line 39.
 1 SYSTEMPATH\View\View.php(216): CodeIgniter\Exceptions\FrameworkException::forInvalidFile('style.php')
 2 SYSTEMPATH\Common.php(1190): CodeIgniter\View\View->render('style', [], true)
 3 APPPATH\Controllers\MonControleur.php(8): view('style')
 4 SYSTEMPATH\CodeIgniter.php(942): App\Controllers\MonControleur->index()
 5 SYSTEMPATH\CodeIgniter.php(502): CodeIgniter\CodeIgniter->runController(Object(App\Controllers\MonControleur))
 6 SYSTEMPATH\CodeIgniter.php(361): CodeIgniter\CodeIgniter->handleRequest(null, Object(Config\Cache), false)
 7 FCPATH\index.php(79): CodeIgniter\CodeIgniter->run()
CRITICAL - 2025-01-09 19:09:24 --> Invalid file: "style.php"
in SYSTEMPATH\Exceptions\FrameworkException.php on line 39.
 1 SYSTEMPATH\View\View.php(216): CodeIgniter\Exceptions\FrameworkException::forInvalidFile('style.php')
 2 SYSTEMPATH\Common.php(1190): CodeIgniter\View\View->render('style', [], true)
 3 APPPATH\Controllers\MonControleur.php(8): view('style')
 4 SYSTEMPATH\CodeIgniter.php(942): App\Controllers\MonControleur->index()
 5 SYSTEMPATH\CodeIgniter.php(502): CodeIgniter\CodeIgniter->runController(Object(App\Controllers\MonControleur))
 6 SYSTEMPATH\CodeIgniter.php(361): CodeIgniter\CodeIgniter->handleRequest(null, Object(Config\Cache), false)
 7 FCPATH\index.php(79): CodeIgniter\CodeIgniter->run()
CRITICAL - 2025-01-09 19:09:26 --> Invalid file: "style.php"
in SYSTEMPATH\Exceptions\FrameworkException.php on line 39.
 1 SYSTEMPATH\View\View.php(216): CodeIgniter\Exceptions\FrameworkException::forInvalidFile('style.php')
 2 SYSTEMPATH\Common.php(1190): CodeIgniter\View\View->render('style', [], true)
 3 APPPATH\Controllers\MonControleur.php(8): view('style')
 4 SYSTEMPATH\CodeIgniter.php(942): App\Controllers\MonControleur->index()
 5 SYSTEMPATH\CodeIgniter.php(502): CodeIgniter\CodeIgniter->runController(Object(App\Controllers\MonControleur))
 6 SYSTEMPATH\CodeIgniter.php(361): CodeIgniter\CodeIgniter->handleRequest(null, Object(Config\Cache), false)
 7 FCPATH\index.php(79): CodeIgniter\CodeIgniter->run()
CRITICAL - 2025-01-09 19:11:01 --> Invalid file: "style.php"
in SYSTEMPATH\Exceptions\FrameworkException.php on line 39.
 1 SYSTEMPATH\View\View.php(216): CodeIgniter\Exceptions\FrameworkException::forInvalidFile('style.php')
 2 SYSTEMPATH\Common.php(1190): CodeIgniter\View\View->render('style', [], true)
 3 APPPATH\Controllers\MonControleur.php(8): view('style')
 4 SYSTEMPATH\CodeIgniter.php(942): App\Controllers\MonControleur->index()
 5 SYSTEMPATH\CodeIgniter.php(502): CodeIgniter\CodeIgniter->runController(Object(App\Controllers\MonControleur))
 6 SYSTEMPATH\CodeIgniter.php(361): CodeIgniter\CodeIgniter->handleRequest(null, Object(Config\Cache), false)
 7 FCPATH\index.php(79): CodeIgniter\CodeIgniter->run()
