CRITICAL - 2025-01-13 11:06:58 --> Undefined array key "lieu"
in APPPATH\Views\tempFort.php on line 157.
 1 APPPATH\Views\tempFort.php(157): CodeIgniter\Debug\Exceptions->errorHandler(2, 'Undefined array key "lieu"', 'C:\\wamp64\\www\\Nouvelle-Vague\\app\\Views\\tempFort.php', 157)
 2 SYSTEMPATH\View\View.php(228): include('C:\\wamp64\\www\\Nouvelle-Vague\\app\\Views\\tempFort.php')
 3 SYSTEMPATH\View\View.php(231): CodeIgniter\View\View->CodeIgniter\View\{closure}()
 4 SYSTEMPATH\Common.php(1190): CodeIgniter\View\View->render('tempFort', [], true)
 5 APPPATH\Controllers\MonControleur.php(13): view('tempFort', [...])
 6 SYSTEMPATH\CodeIgniter.php(942): App\Controllers\MonControleur->lesTF()
 7 SYSTEMPATH\CodeIgniter.php(502): CodeIgniter\CodeIgniter->runController(Object(App\Controllers\MonControleur))
 8 SYSTEMPATH\CodeIgniter.php(361): CodeIgniter\CodeIgniter->handleRequest(null, Object(Config\Cache), false)
 9 FCPATH\index.php(79): CodeIgniter\CodeIgniter->run()
CRITICAL - 2025-01-13 11:07:40 --> Undefined array key "lieu"
in APPPATH\Views\tempFort.php on line 157.
 1 APPPATH\Views\tempFort.php(157): CodeIgniter\Debug\Exceptions->errorHandler(2, 'Undefined array key "lieu"', 'C:\\wamp64\\www\\Nouvelle-Vague\\app\\Views\\tempFort.php', 157)
 2 SYSTEMPATH\View\View.php(228): include('C:\\wamp64\\www\\Nouvelle-Vague\\app\\Views\\tempFort.php')
 3 SYSTEMPATH\View\View.php(231): CodeIgniter\View\View->CodeIgniter\View\{closure}()
 4 SYSTEMPATH\Common.php(1190): CodeIgniter\View\View->render('tempFort', [], true)
 5 APPPATH\Controllers\MonControleur.php(13): view('tempFort', [...])
 6 SYSTEMPATH\CodeIgniter.php(942): App\Controllers\MonControleur->lesTF()
 7 SYSTEMPATH\CodeIgniter.php(502): CodeIgniter\CodeIgniter->runController(Object(App\Controllers\MonControleur))
 8 SYSTEMPATH\CodeIgniter.php(361): CodeIgniter\CodeIgniter->handleRequest(null, Object(Config\Cache), false)
 9 FCPATH\index.php(79): CodeIgniter\CodeIgniter->run()
CRITICAL - 2025-01-13 11:07:41 --> Undefined array key "lieu"
in APPPATH\Views\tempFort.php on line 157.
 1 APPPATH\Views\tempFort.php(157): CodeIgniter\Debug\Exceptions->errorHandler(2, 'Undefined array key "lieu"', 'C:\\wamp64\\www\\Nouvelle-Vague\\app\\Views\\tempFort.php', 157)
 2 SYSTEMPATH\View\View.php(228): include('C:\\wamp64\\www\\Nouvelle-Vague\\app\\Views\\tempFort.php')
 3 SYSTEMPATH\View\View.php(231): CodeIgniter\View\View->CodeIgniter\View\{closure}()
 4 SYSTEMPATH\Common.php(1190): CodeIgniter\View\View->render('tempFort', [], true)
 5 APPPATH\Controllers\MonControleur.php(13): view('tempFort', [...])
 6 SYSTEMPATH\CodeIgniter.php(942): App\Controllers\MonControleur->lesTF()
 7 SYSTEMPATH\CodeIgniter.php(502): CodeIgniter\CodeIgniter->runController(Object(App\Controllers\MonControleur))
 8 SYSTEMPATH\CodeIgniter.php(361): CodeIgniter\CodeIgniter->handleRequest(null, Object(Config\Cache), false)
 9 FCPATH\index.php(79): CodeIgniter\CodeIgniter->run()
CRITICAL - 2025-01-13 11:07:59 --> Undefined array key "lieu"
in APPPATH\Views\tempFort.php on line 157.
 1 APPPATH\Views\tempFort.php(157): CodeIgniter\Debug\Exceptions->errorHandler(2, 'Undefined array key "lieu"', 'C:\\wamp64\\www\\Nouvelle-Vague\\app\\Views\\tempFort.php', 157)
 2 SYSTEMPATH\View\View.php(228): include('C:\\wamp64\\www\\Nouvelle-Vague\\app\\Views\\tempFort.php')
 3 SYSTEMPATH\View\View.php(231): CodeIgniter\View\View->CodeIgniter\View\{closure}()
 4 SYSTEMPATH\Common.php(1190): CodeIgniter\View\View->render('tempFort', [], true)
 5 APPPATH\Controllers\MonControleur.php(13): view('tempFort', [...])
 6 SYSTEMPATH\CodeIgniter.php(942): App\Controllers\MonControleur->lesTF()
 7 SYSTEMPATH\CodeIgniter.php(502): CodeIgniter\CodeIgniter->runController(Object(App\Controllers\MonControleur))
 8 SYSTEMPATH\CodeIgniter.php(361): CodeIgniter\CodeIgniter->handleRequest(null, Object(Config\Cache), false)
 9 FCPATH\index.php(79): CodeIgniter\CodeIgniter->run()
CRITICAL - 2025-01-13 13:01:35 --> Namespace declaration statement has to be the very first statement or after any declare call in the script
in APPPATH\Models\Modele.php on line 2.
 1 [internal function]: CodeIgniter\Debug\Exceptions->shutdownHandler()
CRITICAL - 2025-01-13 13:02:51 --> Namespace declaration statement has to be the very first statement or after any declare call in the script
in APPPATH\Models\Modele.php on line 2.
 1 [internal function]: CodeIgniter\Debug\Exceptions->shutdownHandler()
CRITICAL - 2025-01-13 13:03:00 --> Namespace declaration statement has to be the very first statement or after any declare call in the script
in APPPATH\Models\Modele.php on line 2.
 1 [internal function]: CodeIgniter\Debug\Exceptions->shutdownHandler()
CRITICAL - 2025-01-13 13:03:28 --> Namespace declaration statement has to be the very first statement or after any declare call in the script
in APPPATH\Models\Modele.php on line 2.
 1 [internal function]: CodeIgniter\Debug\Exceptions->shutdownHandler()
CRITICAL - 2025-01-13 13:03:43 --> Class "App\Models\Modele" not found
in APPPATH\Controllers\MonControleur.php on line 22.
 1 SYSTEMPATH\CodeIgniter.php(942): App\Controllers\MonControleur->lesTF()
 2 SYSTEMPATH\CodeIgniter.php(502): CodeIgniter\CodeIgniter->runController(Object(App\Controllers\MonControleur))
 3 SYSTEMPATH\CodeIgniter.php(361): CodeIgniter\CodeIgniter->handleRequest(null, Object(Config\Cache), false)
 4 FCPATH\index.php(79): CodeIgniter\CodeIgniter->run()
CRITICAL - 2025-01-13 13:04:08 --> Undefined variable $monmodel
in APPPATH\Controllers\MonControleur.php on line 25.
 1 APPPATH\Controllers\MonControleur.php(25): CodeIgniter\Debug\Exceptions->errorHandler(2, 'Undefined variable $monmodel', 'C:\\wamp64\\www\\Nouvelle-Vague\\app\\Controllers\\MonControleur.php', 25)
 2 SYSTEMPATH\CodeIgniter.php(942): App\Controllers\MonControleur->lesTF()
 3 SYSTEMPATH\CodeIgniter.php(502): CodeIgniter\CodeIgniter->runController(Object(App\Controllers\MonControleur))
 4 SYSTEMPATH\CodeIgniter.php(361): CodeIgniter\CodeIgniter->handleRequest(null, Object(Config\Cache), false)
 5 FCPATH\index.php(79): CodeIgniter\CodeIgniter->run()
CRITICAL - 2025-01-13 13:06:50 --> Namespace declaration statement has to be the very first statement or after any declare call in the script
in APPPATH\Models\Modele.php on line 2.
 1 [internal function]: CodeIgniter\Debug\Exceptions->shutdownHandler()
CRITICAL - 2025-01-13 13:10:06 --> Namespace declaration statement has to be the very first statement or after any declare call in the script
in APPPATH\Models\Modele.php on line 2.
 1 [internal function]: CodeIgniter\Debug\Exceptions->shutdownHandler()
CRITICAL - 2025-01-13 13:10:31 --> Namespace declaration statement has to be the very first statement or after any declare call in the script
in APPPATH\Models\Modele.php on line 2.
 1 [internal function]: CodeIgniter\Debug\Exceptions->shutdownHandler()
CRITICAL - 2025-01-13 13:14:32 --> Invalid file: "index.php"
in SYSTEMPATH\Exceptions\FrameworkException.php on line 39.
 1 SYSTEMPATH\View\View.php(216): CodeIgniter\Exceptions\FrameworkException::forInvalidFile('index.php')
 2 SYSTEMPATH\Common.php(1190): CodeIgniter\View\View->render('index', [], true)
 3 APPPATH\Controllers\MonControleur.php(37): view('index')
 4 SYSTEMPATH\CodeIgniter.php(942): App\Controllers\MonControleur->connexion()
 5 SYSTEMPATH\CodeIgniter.php(502): CodeIgniter\CodeIgniter->runController(Object(App\Controllers\MonControleur))
 6 SYSTEMPATH\CodeIgniter.php(361): CodeIgniter\CodeIgniter->handleRequest(null, Object(Config\Cache), false)
 7 FCPATH\index.php(79): CodeIgniter\CodeIgniter->run()
CRITICAL - 2025-01-13 13:14:42 --> Namespace declaration statement has to be the very first statement or after any declare call in the script
in APPPATH\Models\Modele.php on line 2.
 1 [internal function]: CodeIgniter\Debug\Exceptions->shutdownHandler()
CRITICAL - 2025-01-13 19:03:04 --> Invalid file: "index.php"
in SYSTEMPATH\Exceptions\FrameworkException.php on line 39.
 1 SYSTEMPATH\View\View.php(216): CodeIgniter\Exceptions\FrameworkException::forInvalidFile('index.php')
 2 SYSTEMPATH\Common.php(1190): CodeIgniter\View\View->render('index', [], true)
 3 APPPATH\Controllers\MonControleur.php(60): view('index')
 4 SYSTEMPATH\CodeIgniter.php(942): App\Controllers\MonControleur->connexion()
 5 SYSTEMPATH\CodeIgniter.php(502): CodeIgniter\CodeIgniter->runController(Object(App\Controllers\MonControleur))
 6 SYSTEMPATH\CodeIgniter.php(361): CodeIgniter\CodeIgniter->handleRequest(null, Object(Config\Cache), false)
 7 FCPATH\index.php(79): CodeIgniter\CodeIgniter->run()
