CRITICAL - 2025-03-09 17:10:47 --> You must set the database table to be used with your query.
in SYSTEMPATH\Database\BaseConnection.php on line 884.
 1 SYSTEMPATH\Model.php(635): CodeIgniter\Database\BaseConnection->table(null)
 2 SYSTEMPATH\Model.php(863): CodeIgniter\Model->builder()
 3 APPPATH\Controllers\MonControleur.php(185): CodeIgniter\Model->__call('inscriTF', [...])
 4 SYSTEMPATH\CodeIgniter.php(942): App\Controllers\MonControleur->validTF()
 5 SYSTEMPATH\CodeIgniter.php(502): CodeIgniter\CodeIgniter->runController(Object(App\Controllers\MonControleur))
 6 SYSTEMPATH\CodeIgniter.php(361): CodeIgniter\CodeIgniter->handleRequest(null, Object(Config\Cache), false)
 7 FCPATH\index.php(79): CodeIgniter\CodeIgniter->run()
CRITICAL - 2025-03-09 17:32:23 --> syntax error, unexpected token "return"
in APPPATH\Controllers\MonControleur.php on line 236.
 1 SYSTEMPATH\Autoloader\Autoloader.php(291): CodeIgniter\Autoloader\Autoloader->includeFile('C:\\wamp64\\www\\NVLVAGUE\\Nouvelle-Vague\\app\\Controllers\\MonControleur.php')
 2 SYSTEMPATH\Autoloader\Autoloader.php(269): CodeIgniter\Autoloader\Autoloader->loadInNamespace('App\\Controllers\\MonControleur')
 3 [internal function]: CodeIgniter\Autoloader\Autoloader->loadClass('App\\Controllers\\MonControleur')
 4 SYSTEMPATH\CodeIgniter.php(900): class_exists('\\App\\Controllers\\MonControleur', true)
 5 SYSTEMPATH\CodeIgniter.php(489): CodeIgniter\CodeIgniter->startController()
 6 SYSTEMPATH\CodeIgniter.php(361): CodeIgniter\CodeIgniter->handleRequest(null, Object(Config\Cache), false)
 7 FCPATH\index.php(79): CodeIgniter\CodeIgniter->run()
CRITICAL - 2025-03-09 17:32:25 --> syntax error, unexpected token "return"
in APPPATH\Controllers\MonControleur.php on line 236.
 1 SYSTEMPATH\Autoloader\Autoloader.php(291): CodeIgniter\Autoloader\Autoloader->includeFile('C:\\wamp64\\www\\NVLVAGUE\\Nouvelle-Vague\\app\\Controllers\\MonControleur.php')
 2 SYSTEMPATH\Autoloader\Autoloader.php(269): CodeIgniter\Autoloader\Autoloader->loadInNamespace('App\\Controllers\\MonControleur')
 3 [internal function]: CodeIgniter\Autoloader\Autoloader->loadClass('App\\Controllers\\MonControleur')
 4 SYSTEMPATH\CodeIgniter.php(900): class_exists('\\App\\Controllers\\MonControleur', true)
 5 SYSTEMPATH\CodeIgniter.php(489): CodeIgniter\CodeIgniter->startController()
 6 SYSTEMPATH\CodeIgniter.php(361): CodeIgniter\CodeIgniter->handleRequest(null, Object(Config\Cache), false)
 7 FCPATH\index.php(79): CodeIgniter\CodeIgniter->run()
CRITICAL - 2025-03-09 17:32:34 --> syntax error, unexpected token "return"
in APPPATH\Controllers\MonControleur.php on line 236.
 1 SYSTEMPATH\Autoloader\Autoloader.php(291): CodeIgniter\Autoloader\Autoloader->includeFile('C:\\wamp64\\www\\NVLVAGUE\\Nouvelle-Vague\\app\\Controllers\\MonControleur.php')
 2 SYSTEMPATH\Autoloader\Autoloader.php(269): CodeIgniter\Autoloader\Autoloader->loadInNamespace('App\\Controllers\\MonControleur')
 3 [internal function]: CodeIgniter\Autoloader\Autoloader->loadClass('App\\Controllers\\MonControleur')
 4 SYSTEMPATH\CodeIgniter.php(900): class_exists('\\App\\Controllers\\MonControleur', true)
 5 SYSTEMPATH\CodeIgniter.php(489): CodeIgniter\CodeIgniter->startController()
 6 SYSTEMPATH\CodeIgniter.php(361): CodeIgniter\CodeIgniter->handleRequest(null, Object(Config\Cache), false)
 7 FCPATH\index.php(79): CodeIgniter\CodeIgniter->run()
CRITICAL - 2025-03-09 17:58:02 --> syntax error, unexpected token "}", expecting "," or ";"
in APPPATH\Controllers\MonControleur.php on line 244.
 1 SYSTEMPATH\Autoloader\Autoloader.php(291): CodeIgniter\Autoloader\Autoloader->includeFile('C:\\wamp64\\www\\NVLVAGUE\\Nouvelle-Vague\\app\\Controllers\\MonControleur.php')
 2 SYSTEMPATH\Autoloader\Autoloader.php(269): CodeIgniter\Autoloader\Autoloader->loadInNamespace('App\\Controllers\\MonControleur')
 3 [internal function]: CodeIgniter\Autoloader\Autoloader->loadClass('App\\Controllers\\MonControleur')
 4 SYSTEMPATH\CodeIgniter.php(900): class_exists('\\App\\Controllers\\MonControleur', true)
 5 SYSTEMPATH\CodeIgniter.php(489): CodeIgniter\CodeIgniter->startController()
 6 SYSTEMPATH\CodeIgniter.php(361): CodeIgniter\CodeIgniter->handleRequest(null, Object(Config\Cache), false)
 7 FCPATH\index.php(79): CodeIgniter\CodeIgniter->run()
CRITICAL - 2025-03-09 18:02:15 --> Undefined variable $unUtilisateur
in APPPATH\Views\profil.php on line 246.
 1 APPPATH\Views\profil.php(246): CodeIgniter\Debug\Exceptions->errorHandler(2, 'Undefined variable $unUtilisateur', 'C:\\wamp64\\www\\NVLVAGUE\\Nouvelle-Vague\\app\\Views\\profil.php', 246)
 2 SYSTEMPATH\View\View.php(228): include('C:\\wamp64\\www\\NVLVAGUE\\Nouvelle-Vague\\app\\Views\\profil.php')
 3 SYSTEMPATH\View\View.php(231): CodeIgniter\View\View->CodeIgniter\View\{closure}()
 4 SYSTEMPATH\Common.php(1190): CodeIgniter\View\View->render('profil', [], true)
 5 APPPATH\Controllers\MonControleur.php(243): view('profil')
 6 SYSTEMPATH\CodeIgniter.php(942): App\Controllers\MonControleur->modifMdp()
 7 SYSTEMPATH\CodeIgniter.php(502): CodeIgniter\CodeIgniter->runController(Object(App\Controllers\MonControleur))
 8 SYSTEMPATH\CodeIgniter.php(361): CodeIgniter\CodeIgniter->handleRequest(null, Object(Config\Cache), false)
 9 FCPATH\index.php(79): CodeIgniter\CodeIgniter->run()
CRITICAL - 2025-03-09 18:03:38 --> Undefined variable $unUtilisateur
in APPPATH\Views\profil.php on line 246.
 1 APPPATH\Views\profil.php(246): CodeIgniter\Debug\Exceptions->errorHandler(2, 'Undefined variable $unUtilisateur', 'C:\\wamp64\\www\\NVLVAGUE\\Nouvelle-Vague\\app\\Views\\profil.php', 246)
 2 SYSTEMPATH\View\View.php(228): include('C:\\wamp64\\www\\NVLVAGUE\\Nouvelle-Vague\\app\\Views\\profil.php')
 3 SYSTEMPATH\View\View.php(231): CodeIgniter\View\View->CodeIgniter\View\{closure}()
 4 SYSTEMPATH\Common.php(1190): CodeIgniter\View\View->render('profil', [], true)
 5 APPPATH\Controllers\MonControleur.php(243): view('profil')
 6 SYSTEMPATH\CodeIgniter.php(942): App\Controllers\MonControleur->modifMdp()
 7 SYSTEMPATH\CodeIgniter.php(502): CodeIgniter\CodeIgniter->runController(Object(App\Controllers\MonControleur))
 8 SYSTEMPATH\CodeIgniter.php(361): CodeIgniter\CodeIgniter->handleRequest(null, Object(Config\Cache), false)
 9 FCPATH\index.php(79): CodeIgniter\CodeIgniter->run()
CRITICAL - 2025-03-09 18:03:41 --> Undefined variable $unUtilisateur
in APPPATH\Views\profil.php on line 246.
 1 APPPATH\Views\profil.php(246): CodeIgniter\Debug\Exceptions->errorHandler(2, 'Undefined variable $unUtilisateur', 'C:\\wamp64\\www\\NVLVAGUE\\Nouvelle-Vague\\app\\Views\\profil.php', 246)
 2 SYSTEMPATH\View\View.php(228): include('C:\\wamp64\\www\\NVLVAGUE\\Nouvelle-Vague\\app\\Views\\profil.php')
 3 SYSTEMPATH\View\View.php(231): CodeIgniter\View\View->CodeIgniter\View\{closure}()
 4 SYSTEMPATH\Common.php(1190): CodeIgniter\View\View->render('profil', [], true)
 5 APPPATH\Controllers\MonControleur.php(243): view('profil')
 6 SYSTEMPATH\CodeIgniter.php(942): App\Controllers\MonControleur->modifMdp()
 7 SYSTEMPATH\CodeIgniter.php(502): CodeIgniter\CodeIgniter->runController(Object(App\Controllers\MonControleur))
 8 SYSTEMPATH\CodeIgniter.php(361): CodeIgniter\CodeIgniter->handleRequest(null, Object(Config\Cache), false)
 9 FCPATH\index.php(79): CodeIgniter\CodeIgniter->run()
CRITICAL - 2025-03-09 18:03:49 --> Undefined variable $unUtilisateur
in APPPATH\Views\profil.php on line 246.
 1 APPPATH\Views\profil.php(246): CodeIgniter\Debug\Exceptions->errorHandler(2, 'Undefined variable $unUtilisateur', 'C:\\wamp64\\www\\NVLVAGUE\\Nouvelle-Vague\\app\\Views\\profil.php', 246)
 2 SYSTEMPATH\View\View.php(228): include('C:\\wamp64\\www\\NVLVAGUE\\Nouvelle-Vague\\app\\Views\\profil.php')
 3 SYSTEMPATH\View\View.php(231): CodeIgniter\View\View->CodeIgniter\View\{closure}()
 4 SYSTEMPATH\Common.php(1190): CodeIgniter\View\View->render('profil', [], true)
 5 APPPATH\Controllers\MonControleur.php(243): view('profil')
 6 SYSTEMPATH\CodeIgniter.php(942): App\Controllers\MonControleur->modifMdp()
 7 SYSTEMPATH\CodeIgniter.php(502): CodeIgniter\CodeIgniter->runController(Object(App\Controllers\MonControleur))
 8 SYSTEMPATH\CodeIgniter.php(361): CodeIgniter\CodeIgniter->handleRequest(null, Object(Config\Cache), false)
 9 FCPATH\index.php(79): CodeIgniter\CodeIgniter->run()
CRITICAL - 2025-03-09 18:46:42 --> Undefined variable $unUtilisateur
in APPPATH\Views\profil.php on line 246.
 1 APPPATH\Views\profil.php(246): CodeIgniter\Debug\Exceptions->errorHandler(2, 'Undefined variable $unUtilisateur', 'C:\\wamp64\\www\\NVLVAGUE\\Nouvelle-Vague\\app\\Views\\profil.php', 246)
 2 SYSTEMPATH\View\View.php(228): include('C:\\wamp64\\www\\NVLVAGUE\\Nouvelle-Vague\\app\\Views\\profil.php')
 3 SYSTEMPATH\View\View.php(231): CodeIgniter\View\View->CodeIgniter\View\{closure}()
 4 SYSTEMPATH\Common.php(1190): CodeIgniter\View\View->render('profil', [], true)
 5 APPPATH\Controllers\MonControleur.php(244): view('profil')
 6 SYSTEMPATH\CodeIgniter.php(942): App\Controllers\MonControleur->modifMdp()
 7 SYSTEMPATH\CodeIgniter.php(502): CodeIgniter\CodeIgniter->runController(Object(App\Controllers\MonControleur))
 8 SYSTEMPATH\CodeIgniter.php(361): CodeIgniter\CodeIgniter->handleRequest(null, Object(Config\Cache), false)
 9 FCPATH\index.php(79): CodeIgniter\CodeIgniter->run()
CRITICAL - 2025-03-09 18:47:58 --> Undefined variable $data
in APPPATH\Controllers\MonControleur.php on line 245.
 1 APPPATH\Controllers\MonControleur.php(245): CodeIgniter\Debug\Exceptions->errorHandler(2, 'Undefined variable $data', 'C:\\wamp64\\www\\NVLVAGUE\\Nouvelle-Vague\\app\\Controllers\\MonControleur.php', 245)
 2 SYSTEMPATH\CodeIgniter.php(942): App\Controllers\MonControleur->modifMdp()
 3 SYSTEMPATH\CodeIgniter.php(502): CodeIgniter\CodeIgniter->runController(Object(App\Controllers\MonControleur))
 4 SYSTEMPATH\CodeIgniter.php(361): CodeIgniter\CodeIgniter->handleRequest(null, Object(Config\Cache), false)
 5 FCPATH\index.php(79): CodeIgniter\CodeIgniter->run()
CRITICAL - 2025-03-09 18:49:00 --> Undefined variable $data
in APPPATH\Controllers\MonControleur.php on line 247.
 1 APPPATH\Controllers\MonControleur.php(247): CodeIgniter\Debug\Exceptions->errorHandler(2, 'Undefined variable $data', 'C:\\wamp64\\www\\NVLVAGUE\\Nouvelle-Vague\\app\\Controllers\\MonControleur.php', 247)
 2 SYSTEMPATH\CodeIgniter.php(942): App\Controllers\MonControleur->modifMdp()
 3 SYSTEMPATH\CodeIgniter.php(502): CodeIgniter\CodeIgniter->runController(Object(App\Controllers\MonControleur))
 4 SYSTEMPATH\CodeIgniter.php(361): CodeIgniter\CodeIgniter->handleRequest(null, Object(Config\Cache), false)
 5 FCPATH\index.php(79): CodeIgniter\CodeIgniter->run()
CRITICAL - 2025-03-09 18:49:02 --> Undefined variable $data
in APPPATH\Controllers\MonControleur.php on line 247.
 1 APPPATH\Controllers\MonControleur.php(247): CodeIgniter\Debug\Exceptions->errorHandler(2, 'Undefined variable $data', 'C:\\wamp64\\www\\NVLVAGUE\\Nouvelle-Vague\\app\\Controllers\\MonControleur.php', 247)
 2 SYSTEMPATH\CodeIgniter.php(942): App\Controllers\MonControleur->modifMdp()
 3 SYSTEMPATH\CodeIgniter.php(502): CodeIgniter\CodeIgniter->runController(Object(App\Controllers\MonControleur))
 4 SYSTEMPATH\CodeIgniter.php(361): CodeIgniter\CodeIgniter->handleRequest(null, Object(Config\Cache), false)
 5 FCPATH\index.php(79): CodeIgniter\CodeIgniter->run()
CRITICAL - 2025-03-09 19:18:34 --> syntax error, unexpected token "public"
in APPPATH\Controllers\MonControleur.php on line 252.
 1 SYSTEMPATH\Autoloader\Autoloader.php(291): CodeIgniter\Autoloader\Autoloader->includeFile('C:\\wamp64\\www\\NVLVAGUE\\Nouvelle-Vague\\app\\Controllers\\MonControleur.php')
 2 SYSTEMPATH\Autoloader\Autoloader.php(269): CodeIgniter\Autoloader\Autoloader->loadInNamespace('App\\Controllers\\MonControleur')
 3 [internal function]: CodeIgniter\Autoloader\Autoloader->loadClass('App\\Controllers\\MonControleur')
 4 SYSTEMPATH\CodeIgniter.php(900): class_exists('\\App\\Controllers\\MonControleur', true)
 5 SYSTEMPATH\CodeIgniter.php(489): CodeIgniter\CodeIgniter->startController()
 6 SYSTEMPATH\CodeIgniter.php(361): CodeIgniter\CodeIgniter->handleRequest(null, Object(Config\Cache), false)
 7 FCPATH\index.php(79): CodeIgniter\CodeIgniter->run()
CRITICAL - 2025-03-09 19:51:03 --> Unclosed '{' on line 232
in APPPATH\Views\nvxMdp.php on line 289.
 1 SYSTEMPATH\View\View.php(231): CodeIgniter\View\View->CodeIgniter\View\{closure}()
 2 SYSTEMPATH\Common.php(1190): CodeIgniter\View\View->render('nvxMdp', [], true)
 3 APPPATH\Controllers\MonControleur.php(261): view('nvxMdp')
 4 SYSTEMPATH\CodeIgniter.php(942): App\Controllers\MonControleur->nvMdp()
 5 SYSTEMPATH\CodeIgniter.php(502): CodeIgniter\CodeIgniter->runController(Object(App\Controllers\MonControleur))
 6 SYSTEMPATH\CodeIgniter.php(361): CodeIgniter\CodeIgniter->handleRequest(null, Object(Config\Cache), false)
 7 FCPATH\index.php(79): CodeIgniter\CodeIgniter->run()
ERROR - 2025-03-09 19:56:48 --> mysqli_sql_exception: Erreur de syntaxe près de '?
                                        WHERE login = PeterKavin' à la ligne 2 in C:\wamp64\www\NVLVAGUE\Nouvelle-Vague\system\Database\MySQLi\Connection.php:306
Stack trace:
#0 C:\wamp64\www\NVLVAGUE\Nouvelle-Vague\system\Database\MySQLi\Connection.php(306): mysqli->query('UPDATE  utilisa...', 0)
#1 C:\wamp64\www\NVLVAGUE\Nouvelle-Vague\system\Database\BaseConnection.php(693): CodeIgniter\Database\MySQLi\Connection->execute('UPDATE  utilisa...')
#2 C:\wamp64\www\NVLVAGUE\Nouvelle-Vague\system\Database\BaseConnection.php(607): CodeIgniter\Database\BaseConnection->simpleQuery('UPDATE  utilisa...')
#3 C:\wamp64\www\NVLVAGUE\Nouvelle-Vague\app\Models\Modele.php(162): CodeIgniter\Database\BaseConnection->query('UPDATE  utilisa...')
#4 C:\wamp64\www\NVLVAGUE\Nouvelle-Vague\app\Controllers\MonControleur.php(244): App\Models\Modele->getAncienMdp('$2y$10$yppSAwKB...', 'PeterKavin')
#5 C:\wamp64\www\NVLVAGUE\Nouvelle-Vague\system\CodeIgniter.php(942): App\Controllers\MonControleur->modifMdp()
#6 C:\wamp64\www\NVLVAGUE\Nouvelle-Vague\system\CodeIgniter.php(502): CodeIgniter\CodeIgniter->runController(Object(App\Controllers\MonControleur))
#7 C:\wamp64\www\NVLVAGUE\Nouvelle-Vague\system\CodeIgniter.php(361): CodeIgniter\CodeIgniter->handleRequest(NULL, Object(Config\Cache), false)
#8 C:\wamp64\www\NVLVAGUE\Nouvelle-Vague\public\index.php(79): CodeIgniter\CodeIgniter->run()
#9 {main}
CRITICAL - 2025-03-09 19:56:48 --> Erreur de syntaxe près de '?
                                        WHERE login = PeterKavin' à la ligne 2
in SYSTEMPATH\Database\BaseConnection.php on line 647.
 1 APPPATH\Models\Modele.php(162): CodeIgniter\Database\BaseConnection->query('UPDATE  utilisateur
                                        SET mdp = ?
                                        WHERE login = PeterKavin')
 2 APPPATH\Controllers\MonControleur.php(244): App\Models\Modele->getAncienMdp('$2y$10$yppSAwKBc6Ty3icjHOg7LeCDiXI0zpbi7a3ZpgUxB9QSGEFdnaGRS', 'PeterKavin')
 3 SYSTEMPATH\CodeIgniter.php(942): App\Controllers\MonControleur->modifMdp()
 4 SYSTEMPATH\CodeIgniter.php(502): CodeIgniter\CodeIgniter->runController(Object(App\Controllers\MonControleur))
 5 SYSTEMPATH\CodeIgniter.php(361): CodeIgniter\CodeIgniter->handleRequest(null, Object(Config\Cache), false)
 6 FCPATH\index.php(79): CodeIgniter\CodeIgniter->run()
ERROR - 2025-03-09 19:57:18 --> mysqli_sql_exception: Erreur de syntaxe près de '?
                                        WHERE login = 'PeterKavin'' à la ligne 2 in C:\wamp64\www\NVLVAGUE\Nouvelle-Vague\system\Database\MySQLi\Connection.php:306
Stack trace:
#0 C:\wamp64\www\NVLVAGUE\Nouvelle-Vague\system\Database\MySQLi\Connection.php(306): mysqli->query('UPDATE  utilisa...', 0)
#1 C:\wamp64\www\NVLVAGUE\Nouvelle-Vague\system\Database\BaseConnection.php(693): CodeIgniter\Database\MySQLi\Connection->execute('UPDATE  utilisa...')
#2 C:\wamp64\www\NVLVAGUE\Nouvelle-Vague\system\Database\BaseConnection.php(607): CodeIgniter\Database\BaseConnection->simpleQuery('UPDATE  utilisa...')
#3 C:\wamp64\www\NVLVAGUE\Nouvelle-Vague\app\Models\Modele.php(162): CodeIgniter\Database\BaseConnection->query('UPDATE  utilisa...')
#4 C:\wamp64\www\NVLVAGUE\Nouvelle-Vague\app\Controllers\MonControleur.php(244): App\Models\Modele->getAncienMdp('$2y$10$Omur3ZtS...', 'PeterKavin')
#5 C:\wamp64\www\NVLVAGUE\Nouvelle-Vague\system\CodeIgniter.php(942): App\Controllers\MonControleur->modifMdp()
#6 C:\wamp64\www\NVLVAGUE\Nouvelle-Vague\system\CodeIgniter.php(502): CodeIgniter\CodeIgniter->runController(Object(App\Controllers\MonControleur))
#7 C:\wamp64\www\NVLVAGUE\Nouvelle-Vague\system\CodeIgniter.php(361): CodeIgniter\CodeIgniter->handleRequest(NULL, Object(Config\Cache), false)
#8 C:\wamp64\www\NVLVAGUE\Nouvelle-Vague\public\index.php(79): CodeIgniter\CodeIgniter->run()
#9 {main}
CRITICAL - 2025-03-09 19:57:18 --> Erreur de syntaxe près de '?
                                        WHERE login = 'PeterKavin'' à la ligne 2
in SYSTEMPATH\Database\BaseConnection.php on line 647.
 1 APPPATH\Models\Modele.php(162): CodeIgniter\Database\BaseConnection->query('UPDATE  utilisateur
                                        SET mdp = ?
                                        WHERE login = \'PeterKavin\'')
 2 APPPATH\Controllers\MonControleur.php(244): App\Models\Modele->getAncienMdp('$2y$10$Omur3ZtS2o4QNGvdRefs7OfOUAy6jPMuzp4N1UacWpLqDGd6/vOv.', 'PeterKavin')
 3 SYSTEMPATH\CodeIgniter.php(942): App\Controllers\MonControleur->modifMdp()
 4 SYSTEMPATH\CodeIgniter.php(502): CodeIgniter\CodeIgniter->runController(Object(App\Controllers\MonControleur))
 5 SYSTEMPATH\CodeIgniter.php(361): CodeIgniter\CodeIgniter->handleRequest(null, Object(Config\Cache), false)
 6 FCPATH\index.php(79): CodeIgniter\CodeIgniter->run()
ERROR - 2025-03-09 19:57:37 --> mysqli_sql_exception: Erreur de syntaxe près de '?
                                        WHERE login = ?' à la ligne 2 in C:\wamp64\www\NVLVAGUE\Nouvelle-Vague\system\Database\MySQLi\Connection.php:306
Stack trace:
#0 C:\wamp64\www\NVLVAGUE\Nouvelle-Vague\system\Database\MySQLi\Connection.php(306): mysqli->query('UPDATE  utilisa...', 0)
#1 C:\wamp64\www\NVLVAGUE\Nouvelle-Vague\system\Database\BaseConnection.php(693): CodeIgniter\Database\MySQLi\Connection->execute('UPDATE  utilisa...')
#2 C:\wamp64\www\NVLVAGUE\Nouvelle-Vague\system\Database\BaseConnection.php(607): CodeIgniter\Database\BaseConnection->simpleQuery('UPDATE  utilisa...')
#3 C:\wamp64\www\NVLVAGUE\Nouvelle-Vague\app\Models\Modele.php(160): CodeIgniter\Database\BaseConnection->query('UPDATE  utilisa...')
#4 C:\wamp64\www\NVLVAGUE\Nouvelle-Vague\app\Controllers\MonControleur.php(244): App\Models\Modele->getAncienMdp('$2y$10$i4Hzn2sc...', 'PeterKavin')
#5 C:\wamp64\www\NVLVAGUE\Nouvelle-Vague\system\CodeIgniter.php(942): App\Controllers\MonControleur->modifMdp()
#6 C:\wamp64\www\NVLVAGUE\Nouvelle-Vague\system\CodeIgniter.php(502): CodeIgniter\CodeIgniter->runController(Object(App\Controllers\MonControleur))
#7 C:\wamp64\www\NVLVAGUE\Nouvelle-Vague\system\CodeIgniter.php(361): CodeIgniter\CodeIgniter->handleRequest(NULL, Object(Config\Cache), false)
#8 C:\wamp64\www\NVLVAGUE\Nouvelle-Vague\public\index.php(79): CodeIgniter\CodeIgniter->run()
#9 {main}
CRITICAL - 2025-03-09 19:57:37 --> Erreur de syntaxe près de '?
                                        WHERE login = ?' à la ligne 2
in SYSTEMPATH\Database\BaseConnection.php on line 647.
 1 APPPATH\Models\Modele.php(160): CodeIgniter\Database\BaseConnection->query('UPDATE  utilisateur
                                        SET mdp = ?
                                        WHERE login = ?')
 2 APPPATH\Controllers\MonControleur.php(244): App\Models\Modele->getAncienMdp('$2y$10$i4Hzn2scI93T96XzxrjYHOca3Gx4RhYfz0dP8ohvD7UleBjV4fa/y', 'PeterKavin')
 3 SYSTEMPATH\CodeIgniter.php(942): App\Controllers\MonControleur->modifMdp()
 4 SYSTEMPATH\CodeIgniter.php(502): CodeIgniter\CodeIgniter->runController(Object(App\Controllers\MonControleur))
 5 SYSTEMPATH\CodeIgniter.php(361): CodeIgniter\CodeIgniter->handleRequest(null, Object(Config\Cache), false)
 6 FCPATH\index.php(79): CodeIgniter\CodeIgniter->run()
CRITICAL - 2025-03-09 20:06:08 --> Undefined variable $unUtilisateur
in APPPATH\Views\profil.php on line 246.
 1 APPPATH\Views\profil.php(246): CodeIgniter\Debug\Exceptions->errorHandler(2, 'Undefined variable $unUtilisateur', 'C:\\wamp64\\www\\NVLVAGUE\\Nouvelle-Vague\\app\\Views\\profil.php', 246)
 2 SYSTEMPATH\View\View.php(228): include('C:\\wamp64\\www\\NVLVAGUE\\Nouvelle-Vague\\app\\Views\\profil.php')
 3 SYSTEMPATH\View\View.php(231): CodeIgniter\View\View->CodeIgniter\View\{closure}()
 4 SYSTEMPATH\Common.php(1190): CodeIgniter\View\View->render('profil', [], true)
 5 APPPATH\Controllers\MonControleur.php(246): view('profil')
 6 SYSTEMPATH\CodeIgniter.php(942): App\Controllers\MonControleur->modifMdp()
 7 SYSTEMPATH\CodeIgniter.php(502): CodeIgniter\CodeIgniter->runController(Object(App\Controllers\MonControleur))
 8 SYSTEMPATH\CodeIgniter.php(361): CodeIgniter\CodeIgniter->handleRequest(null, Object(Config\Cache), false)
 9 FCPATH\index.php(79): CodeIgniter\CodeIgniter->run()
CRITICAL - 2025-03-09 20:08:47 --> syntax error, unexpected token "}", expecting "," or ";"
in APPPATH\Controllers\MonControleur.php on line 241.
 1 SYSTEMPATH\Autoloader\Autoloader.php(291): CodeIgniter\Autoloader\Autoloader->includeFile('C:\\wamp64\\www\\NVLVAGUE\\Nouvelle-Vague\\app\\Controllers\\MonControleur.php')
 2 SYSTEMPATH\Autoloader\Autoloader.php(269): CodeIgniter\Autoloader\Autoloader->loadInNamespace('App\\Controllers\\MonControleur')
 3 [internal function]: CodeIgniter\Autoloader\Autoloader->loadClass('App\\Controllers\\MonControleur')
 4 SYSTEMPATH\CodeIgniter.php(900): class_exists('\\App\\Controllers\\MonControleur', true)
 5 SYSTEMPATH\CodeIgniter.php(489): CodeIgniter\CodeIgniter->startController()
 6 SYSTEMPATH\CodeIgniter.php(361): CodeIgniter\CodeIgniter->handleRequest(null, Object(Config\Cache), false)
 7 FCPATH\index.php(79): CodeIgniter\CodeIgniter->run()
